exports[`test renders correctly 1`] = `
<div
  className="ListView"
  style={
    Object {
      "backgroundColor": "#f1f2f4",
    }
  }>
  <div
    style={
      Object {
        "paddingBottom": "4px",
        "paddingLeft": "8px",
        "paddingRight": "8px",
        "paddingTop": "4px",
      }
    }>
    <span
      className="ListViewHeader"
      style={
        Object {
          "WebkitUserSelect": "none",
          "color": "#000",
          "cursor": "default",
          "display": "block",
          "fontFamily": undefined,
          "fontSize": undefined,
          "fontWeight": undefined,
          "pointerEvents": "auto",
        }
      }>
      Section
    </span>
  </div>
  <div
    onMouseDown={[Function]}
    style={
      Object {
        "backgroundColor": "#f1f2f4",
      }
    }>
    <span
      className="Text"
      style={
        Object {
          "WebkitUserSelect": "none",
          "color": "#000",
          "cursor": "default",
          "display": "block",
          "fontFamily": undefined,
          "fontSize": undefined,
          "fontWeight": undefined,
          "pointerEvents": "auto",
        }
      }>
      Item 1
    </span>
  </div>
  <div
    onMouseDown={[Function]}
    style={
      Object {
        "backgroundColor": "#f1f2f4",
      }
    }>
    <span
      className="Text"
      style={
        Object {
          "WebkitUserSelect": "none",
          "color": "#000",
          "cursor": "default",
          "display": "block",
          "fontFamily": undefined,
          "fontSize": undefined,
          "fontWeight": undefined,
          "pointerEvents": "auto",
        }
      }>
      Item 2
    </span>
  </div>
  <div
    onMouseDown={[Function]}
    style={
      Object {
        "backgroundColor": "#f1f2f4",
      }
    }>
    <span
      className="Text"
      style={
        Object {
          "WebkitUserSelect": "none",
          "color": "#000",
          "cursor": "default",
          "display": "block",
          "fontFamily": undefined,
          "fontSize": undefined,
          "fontWeight": undefined,
          "pointerEvents": "auto",
        }
      }>
      Item 3
    </span>
  </div>
</div>
`;
