exports[`test renders correctly 1`] = `
<button
  className="Button"
  onClick={[Function]}
  style={
    Object {
      "WebkitUserSelect": "none",
      "backgroundColor": "#f5f7fd",
      "borderColor": "#f5f7fd",
      "borderRadius": "4px",
      "borderStyle": "solid",
      "borderWidth": "1px",
      "color": "#000",
      "cursor": "default",
      "fontFamily": undefined,
      "fontSize": undefined,
      "outline": "none",
      "padding": "4px 8px",
      "pointerEvents": "auto",
      "width": undefined,
    }
  }
  type="button">
  Hello, World!
</button>
`;
