exports[`test renders correctly 1`] = `
<input
  onChange={[Function]}
  style={
    Object {
      "WebkitUserSelect": "none",
      "borderColor": "#bfbfbf",
      "borderRadius": "4px",
      "borderStyle": "solid",
      "borderWidth": "1px",
      "color": "#000",
      "fontFamily": undefined,
      "fontSize": undefined,
      "outline": "none",
      "padding": "4px",
      "pointerEvents": "auto",
    }
  }
  type="text" />
`;
